###############################################################################
#
# IAR ELF Linker V3.10.1.201 for STM8                     19/Nov/2017  16:30:08
# Copyright 2010-2017 IAR Systems AB.
#
#    Output file  =  D:\workspaceNew\Slave\Project\Debug\Exe\slave.out
#    Map file     =  D:\workspaceNew\Slave\Project\Debug\List\slave.map
#    Command line =  
#        -f C:\Users\HgN\AppData\Local\Temp\EWECD0.tmp
#        (D:\workspaceNew\Slave\Project\Debug\Obj\dev.o
#        D:\workspaceNew\Slave\Project\Debug\Obj\main.o
#        D:\workspaceNew\Slave\Project\Debug\Obj\protocol.o
#        D:\workspaceNew\Slave\Project\Debug\Obj\random.o
#        D:\workspaceNew\Slave\Project\Debug\Obj\stm8s_adc1.o
#        D:\workspaceNew\Slave\Project\Debug\Obj\stm8s_clk.o
#        D:\workspaceNew\Slave\Project\Debug\Obj\stm8s_gpio.o
#        D:\workspaceNew\Slave\Project\Debug\Obj\stm8s_uart1.o
#        D:\workspaceNew\Slave\Project\Debug\Obj\uart.o --redirect
#        _Printf=_PrintfFullNoMb --redirect _Scanf=_ScanfFullNoMb -o
#        D:\workspaceNew\Slave\Project\Debug\Exe\slave.out --map
#        D:\workspaceNew\Slave\Project\Debug\List\slave.map --config
#        D:\App\IAR\stm8\config\lnkstm8s103f3.icf --config_def
#        _CSTACK_SIZE=0x100 --config_def _HEAP_SIZE=0x100 --entry
#        __iar_program_start --debug_lib)
#
###############################################################################

*******************************************************************************
*** RUNTIME MODEL ATTRIBUTES
***

__Heap_Handler             = Basic
__SystemLibrary            = DLib
__code_model               = small
__core                     = stm8
__data_model               = medium
__dlib_file_descriptor     = 0
__dlib_full_locale_support = 0
__rt_version               = 4


*******************************************************************************
*** PLACEMENT SUMMARY
***

"A0":  place at start of [0x000000-0x0000ff] { rw section .vregs };
"A1":  place at end of [0x000000-0x0003ff] { block CSTACK };
"P2":  place in [from 0x000000 to 0x0003ff] {
          block HEAP, rw section __DLIB_PERTHREAD, rw section .far.bss,
          rw section .far.data, rw section .far.noinit,
          rw section .far_func.textrw, rw section .huge.bss,
          rw section .huge.data, rw section .huge.noinit,
          rw section .huge_func.textrw, rw section .iar.dynexit,
          rw section .near.bss, rw section .near.data, rw section .near.noinit,
          rw section .near_func.textrw };
"A2":  place at start of [0x008000-0x009fff] { block INTVEC };
"P3":  place in [from 0x008000 to 0x009fff] {
          ro section __DLIB_PERTHREAD_init, ro section .far.data_init,
          ro section .far_func.textrw_init, ro section .huge.data_init,
          ro section .huge_func.textrw_init, ro section .iar.init_table,
          ro section .init_array, ro section .near.data_init,
          ro section .near.rodata, ro section .near_func.text,
          ro section .near_func.textrw_init, ro section .tiny.data_init,
          ro section .tiny.rodata_init };
"P4":  place in [from 0x008000 to 0x009fff] {
          ro section .far.rodata, ro section .far_func.text };
"P5":  place in [from 0x008000 to 0x009fff] {
          ro section .huge.rodata, ro section .huge_func.text };
do not initialize {
   rw section .eeprom.noinit, rw section .far.noinit, rw section .huge.noinit,
   rw section .near.noinit, rw section .tiny.noinit, rw section .vregs };

  Section          Kind      Address    Size  Object
  -------          ----      -------    ----  ------
"A0":                                   0x10
  .vregs           uninit   0x000000    0x10  vregs.o [4]
                          - 0x000010    0x10

"P2", part 1 of 2:                      0x2e
  .near.bss        zero     0x000010    0x10  dev.o [1]
  .near.bss        zero     0x000020     0xe  uart.o [1]
  .near.bss        zero     0x00002e     0xa  protocol.o [1]
  .near.bss        zero     0x000038     0x4  xxmemxmalloc.o [4]
  .near.bss        zero     0x00003c     0x2  xgetmemchunk.o [4]
                          - 0x00003e    0x2e

"P2", part 2 of 2:                     0x100
  HEAP                      0x00003e   0x100  <Block>
    HEAP           uninit   0x00003e   0x100  <Block tail>
                          - 0x00013e   0x100

"A1":                                  0x100
  CSTACK                    0x000300   0x100  <Block>
    CSTACK         uninit   0x000300   0x100  <Block tail>
                          - 0x000400   0x100

"A2":                                   0x80
  INTVEC                    0x008000    0x80  <Block>
    .intvec        const    0x008000    0x80  interrupt.o [4]
                          - 0x008080    0x80

"P3-P5":                              0x153e
  .near_func.text  ro code  0x008080   0x222  stm8s_uart1.o [1]
  .near_func.text  ro code  0x0082a2   0x19a  stm8s_adc1.o [1]
  .near_func.text  ro code  0x00843c   0x194  long.o [4]
  .near_func.text  ro code  0x0085d0   0x11d  protocol.o [1]
  .near_func.text  ro code  0x0086ed   0x113  vreg_util.o [4]
  .near_func.text  ro code  0x008800    0xfc  stm8s_adc1.o [1]
  .near_func.text  ro code  0x0088fc    0xde  stm8s_clk.o [1]
  .near_func.text  ro code  0x0089da    0xd3  xxmemxfree.o [4]
  .near_func.text  ro code  0x008aad    0xd0  stm8s_uart1.o [1]
  .near_func.text  ro code  0x008b7d    0xbe  stm8s_adc1.o [1]
  .near_func.text  ro code  0x008c3b    0x9e  stm8s_uart1.o [1]
  .near_func.text  ro code  0x008cd9    0x92  xxmemxmalloc.o [4]
  .near_func.text  ro code  0x008d6b    0x8b  stm8s_clk.o [1]
  .near_func.text  ro code  0x008df6    0x6f  long_util.o [4]
  .near_func.text  ro code  0x008e65    0x67  uart.o [1]
  .near_func.text  ro code  0x008ecc    0x63  xxmemxmalloc.o [4]
  .near_func.text  ro code  0x008f2f    0x59  stm8s_adc1.o [1]
  .near_func.text  ro code  0x008f88    0x59  uart.o [1]
  .near_func.text  ro code  0x008fe1    0x57  stm8s_clk.o [1]
  .near_func.text  ro code  0x009038    0x55  stm8s_adc1.o [1]
  .near_func.text  ro code  0x00908d    0x55  stm8s_adc1.o [1]
  .near_func.text  ro code  0x0090e2    0x52  main.o [1]
  .near_func.text  ro code  0x009134    0x52  uart.o [1]
  .near_func.text  ro code  0x009186    0x4f  stm8s_clk.o [1]
  .near_func.text  ro code  0x0091d5    0x45  random.o [1]
  .near_func.text  ro code  0x00921a    0x3d  stm8s_clk.o [1]
  .near_func.text  ro code  0x009257    0x36  stm8s_clk.o [1]
  .near_func.text  ro code  0x00928d    0x36  stm8s_uart1.o [1]
  .near.rodata     const    0x0092c3    0x32  stm8s_uart1.o [1]
  .near_func.text  ro code  0x0092f5    0x32  uart.o [1]
  .near.rodata     const    0x009327    0x31  stm8s_adc1.o [1]
  .near_func.text  ro code  0x009358    0x31  stm8s_adc1.o [1]
  .near.rodata     const    0x009389    0x30  stm8s_clk.o [1]
  .near_func.text  ro code  0x0093b9    0x2f  stm8s_adc1.o [1]
  .near_func.text  ro code  0x0093e8    0x2f  stm8s_clk.o [1]
  .near_func.text  ro code  0x009417    0x2d  uart.o [1]
  .near_func.text  ro code  0x009444    0x2b  random.o [1]
  .near_func.text  ro code  0x00946f    0x29  dev.o [1]
  .near_func.text  ro code  0x009498    0x25  dc_util.o [4]
  .iar.init_table  const    0x0094bd     0x8  - Linker created -
  .near_func.text  ro code  0x0094c5    0x1e  init_small.o [4]
  .near_func.text  ro code  0x0094e3    0x19  xgetmemchunk.o [4]
  .near_func.text  ro code  0x0094fc    0x18  uart.o [1]
  .near_func.text  ro code  0x009514    0x16  memset.o [4]
  .near_func.text  ro code  0x00952a    0x14  short.o [4]
  .near_func.text  ro code  0x00953e    0x14  init.o [4]
  .near_func.text  ro code  0x009552    0x14  __dbg_xxexit.o [3]
  .near_func.text  ro code  0x009566    0x13  cstartup.o [4]
  .near_func.text  ro code  0x009579     0xd  stm8s_uart1.o [1]
  .near_func.text  ro code  0x009586     0x7  xxmemxmalloc.o [4]
  .near.rodata     const    0x00958d     0x6  main.o [1]
  .near_func.text  ro code  0x009593     0x5  stm8s_adc1.o [1]
  .near_func.text  ro code  0x009598     0x5  cexit.o [4]
  .near.rodata     const    0x00959d     0x4  stm8s_clk.o [1]
  .near_func.text  ro code  0x0095a1     0x4  stm8s_uart1.o [1]
  .near_func.text  ro code  0x0095a5     0x4  stm8s_uart1.o [1]
  .near.rodata     const    0x0095a9     0x3  main.o [1]
  .near_func.text  ro code  0x0095ac     0x3  random.o [1]
  .near_func.text  ro code  0x0095af     0x3  interrupt.o [4]
  .near_func.text  ro code  0x0095b2     0x3  low_level_init.o [4]
  .near_func.text  ro code  0x0095b5     0x3  exit.o [4]
  .near_func.text  ro code  0x0095b8     0x3  unhandled_exception.o [4]
  .near_func.text  ro code  0x0095bb     0x2  main.o [1]
  .near_func.text  ro code  0x0095bd     0x1  __dbg_break.o [3]
                          - 0x0095be  0x153e


*******************************************************************************
*** INIT TABLE
***

          Address   Size
          -------   ----
Zero (__iar_zero_init2)
    1 destination range, total size 0x2e:
          0x000010  0x2e



*******************************************************************************
*** MODULE SUMMARY
***

    Module                 ro code  ro data  rw data
    ------                 -------  -------  -------
D:\workspaceNew\Slave\Project\Debug\Obj: [1]
    dev.o                       41                16
    main.o                      84        9
    protocol.o                 285                10
    random.o                   115
    stm8s_adc1.o             1 212       49
    stm8s_clk.o                689       52
    stm8s_uart1.o              987       50
    uart.o                     393                14
    ------------------------------------------------
    Total:                   3 806      160       40

command line: [2]
    ------------------------------------------------
    Total:

dbgstm8smd.a: [3]
    __dbg_break.o                1
    __dbg_xxexit.o              20
    ------------------------------------------------
    Total:                      21

dlstm8smn.a: [4]
    cexit.o                      5
    cstartup.o                  19
    dc_util.o                   37
    exit.o                       3
    init.o                      20
    init_small.o                30
    interrupt.o                  3      128
    long.o                     404
    long_util.o                111
    low_level_init.o             3
    memset.o                    22
    short.o                     20
    unhandled_exception.o        3
    vreg_util.o                275
    vregs.o                                       16
    xgetmemchunk.o              25                 2
    xxmemxfree.o               211
    xxmemxmalloc.o             252                 4
    ------------------------------------------------
    Total:                   1 443      128       22

    Linker created                        8      512
----------------------------------------------------
    Grand Total:             5 270      296      574


*******************************************************************************
*** ENTRY LIST
***

Entry                    Address   Size  Type      Object
-----                    -------   ----  ----      ------
.iar.init_table$$Base   0x0094bd          --   Gb  - Linker created -
.iar.init_table$$Limit  0x0094c5          --   Gb  - Linker created -
?add32_l0_l0_0x         0x008472         Code  Gb  long.o [4]
?b0                     0x000000         Data  Gb  vregs.o [4]
?b1                     0x000001         Data  Gb  vregs.o [4]
?b10                    0x00000a         Data  Gb  vregs.o [4]
?b11                    0x00000b         Data  Gb  vregs.o [4]
?b12                    0x00000c         Data  Gb  vregs.o [4]
?b13                    0x00000d         Data  Gb  vregs.o [4]
?b14                    0x00000e         Data  Gb  vregs.o [4]
?b15                    0x00000f         Data  Gb  vregs.o [4]
?b2                     0x000002         Data  Gb  vregs.o [4]
?b3                     0x000003         Data  Gb  vregs.o [4]
?b4                     0x000004         Data  Gb  vregs.o [4]
?b5                     0x000005         Data  Gb  vregs.o [4]
?b6                     0x000006         Data  Gb  vregs.o [4]
?b7                     0x000007         Data  Gb  vregs.o [4]
?b8                     0x000008         Data  Gb  vregs.o [4]
?b9                     0x000009         Data  Gb  vregs.o [4]
?dc32_l0                0x009498         Code  Gb  dc_util.o [4]
?dc32_l1                0x0094a5         Code  Gb  dc_util.o [4]
?dc32_px                0x0094b2         Code  Gb  dc_util.o [4]
?dec32_0x_0x            0x00845e         Code  Gb  long.o [4]
?dec32_l2_l2            0x008459         Code  Gb  long.o [4]
?e0                     0x000001         Data  Gb  vregs.o [4]
?e1                     0x000005         Data  Gb  vregs.o [4]
?e2                     0x000009         Data  Gb  vregs.o [4]
?e3                     0x00000d         Data  Gb  vregs.o [4]
?epilogue_l2            0x008788         Code  Gb  vreg_util.o [4]
?epilogue_l2_l3         0x008785         Code  Gb  vreg_util.o [4]
?epilogue_l2_w6         0x00878c         Code  Gb  vreg_util.o [4]
?epilogue_w4            0x008793         Code  Gb  vreg_util.o [4]
?inc32_0x_0x            0x00844b         Code  Gb  long.o [4]
?inc32_l0_l0            0x00843c         Code  Gb  long.o [4]
?inc32_l2_l2            0x008441         Code  Gb  long.o [4]
?inc32_l3_l3            0x008446         Code  Gb  long.o [4]
?l0                     0x000000         Data  Gb  vregs.o [4]
?l1                     0x000004         Data  Gb  vregs.o [4]
?l2                     0x000008         Data  Gb  vregs.o [4]
?l3                     0x00000c         Data  Gb  vregs.o [4]
?load32_0x_l0           0x008e3b         Code  Gb  long_util.o [4]
?load32_0x_l1           0x008e49         Code  Gb  long_util.o [4]
?load32_0x_l2           0x008e57         Code  Gb  long_util.o [4]
?load32_asp_l0          0x008e2f         Code  Gb  long_util.o [4]
?load32_dbsp_l0         0x008e2a         Code  Gb  long_util.o [4]
?load32_l0_0x           0x008e06         Code  Gb  long_util.o [4]
?load32_l0_asp          0x008dfb         Code  Gb  long_util.o [4]
?load32_l0_dbsp         0x008df6         Code  Gb  long_util.o [4]
?load32_l0_xsp          0x008dfd         Code  Gb  long_util.o [4]
?load32_l1_0x           0x008e12         Code  Gb  long_util.o [4]
?load32_l2_0x           0x008e1e         Code  Gb  long_util.o [4]
?load32_xsp_l0          0x008e31         Code  Gb  long_util.o [4]
?mov_e0_e2              0x0087a8         Code  Gb  vreg_util.o [4]
?mov_e0_e3              0x0087b5         Code  Gb  vreg_util.o [4]
?mov_e1_e0              0x0087c2         Code  Gb  vreg_util.o [4]
?mov_e1_e2              0x0087cf         Code  Gb  vreg_util.o [4]
?mov_e1_e3              0x0087dc         Code  Gb  vreg_util.o [4]
?mov_e2_e0              0x0087e9         Code  Gb  vreg_util.o [4]
?mov_e3_e0              0x0087f6         Code  Gb  vreg_util.o [4]
?mov_l0_l2              0x0087a5         Code  Gb  vreg_util.o [4]
?mov_l0_l3              0x0087b2         Code  Gb  vreg_util.o [4]
?mov_l1_l0              0x0087bf         Code  Gb  vreg_util.o [4]
?mov_l1_l2              0x0087cc         Code  Gb  vreg_util.o [4]
?mov_l1_l3              0x0087d9         Code  Gb  vreg_util.o [4]
?mov_l2_l0              0x0087e6         Code  Gb  vreg_util.o [4]
?mov_l3_l0              0x0087f3         Code  Gb  vreg_util.o [4]
?mov_w0_w3              0x008797         Code  Gb  vreg_util.o [4]
?mov_w1_w5              0x0087ab         Code  Gb  vreg_util.o [4]
?mov_w1_w7              0x0087b8         Code  Gb  vreg_util.o [4]
?mov_w2_w1              0x00879e         Code  Gb  vreg_util.o [4]
?mov_w3_w1              0x0087c5         Code  Gb  vreg_util.o [4]
?mov_w3_w5              0x0087d2         Code  Gb  vreg_util.o [4]
?mov_w3_w7              0x0087df         Code  Gb  vreg_util.o [4]
?mov_w5_w1              0x0087ec         Code  Gb  vreg_util.o [4]
?mov_w7_w1              0x0087f9         Code  Gb  vreg_util.o [4]
?mul32_l0_l0_0x         0x0084a8         Code  Gb  long.o [4]
?mul32_l0_l0_dl         0x0084a5         Code  Gb  long.o [4]
?mul32_l0_l0_l1         0x0084b1         Code  Gb  long.o [4]
?pop_l0                 0x008751         Code  Gb  vreg_util.o [4]
?pop_l1                 0x00875c         Code  Gb  vreg_util.o [4]
?pop_l2                 0x008767         Code  Gb  vreg_util.o [4]
?pop_l3                 0x008772         Code  Gb  vreg_util.o [4]
?pop_w4                 0x00870a         Code  Gb  vreg_util.o [4]
?pop_w6                 0x008711         Code  Gb  vreg_util.o [4]
?push_l0                0x008720         Code  Gb  vreg_util.o [4]
?push_l1                0x008725         Code  Gb  vreg_util.o [4]
?push_l2                0x00872a         Code  Gb  vreg_util.o [4]
?push_l3                0x00872f         Code  Gb  vreg_util.o [4]
?push_w4                0x0086ed         Code  Gb  vreg_util.o [4]
?push_w6                0x0086f2         Code  Gb  vreg_util.o [4]
?sll16_x_x_4            0x009534         Code  Gb  short.o [4]
?sll16_x_x_5            0x009533         Code  Gb  short.o [4]
?sll16_x_x_6            0x009532         Code  Gb  short.o [4]
?sll16_x_x_a            0x00952a         Code  Gb  short.o [4]
?sll32_0x_0x_a          0x0085c2         Code  Gb  long.o [4]
?sll32_l0_l0_a          0x0085bf         Code  Gb  long.o [4]
?srl16_x_x_4            0x009539         Code  Gb  short.o [4]
?sub32_l0_l0_0x         0x00848d         Code  Gb  long.o [4]
?sub32_l0_l0_l1         0x00848a         Code  Gb  long.o [4]
?ucmp32_c_l0_0x         0x0085a4         Code  Gb  long.o [4]
?ucmp32_c_l0_l1         0x0085b4         Code  Gb  long.o [4]
?udiv32_l0_dl_l1        0x00852f         Code  Gb  long.o [4]
?udiv32_l0_l0_dl        0x008534         Code  Gb  long.o [4]
?udiv32_l0_l0_l1        0x008537         Code  Gb  long.o [4]
?umod32_l1_l0_l1        0x008537         Code  Gb  long.o [4]
?w0                     0x000000         Data  Gb  vregs.o [4]
?w1                     0x000002         Data  Gb  vregs.o [4]
?w2                     0x000004         Data  Gb  vregs.o [4]
?w3                     0x000006         Data  Gb  vregs.o [4]
?w4                     0x000008         Data  Gb  vregs.o [4]
?w5                     0x00000a         Data  Gb  vregs.o [4]
?w6                     0x00000c         Data  Gb  vregs.o [4]
?w7                     0x00000e         Data  Gb  vregs.o [4]
ADC1_Cmd                0x0093b9   0x2f  Code  Gb  stm8s_adc1.o [1]
ADC1_ConversionConfig   0x008b7d   0xbe  Code  Gb  stm8s_adc1.o [1]
ADC1_DeInit             0x009358   0x31  Code  Gb  stm8s_adc1.o [1]
ADC1_ExternalTriggerConfig
                        0x008f2f   0x59  Code  Gb  stm8s_adc1.o [1]
ADC1_GetConversionValue
                        0x00908d   0x55  Code  Gb  stm8s_adc1.o [1]
ADC1_Init               0x0082a2  0x19a  Code  Gb  stm8s_adc1.o [1]
ADC1_PrescalerConfig    0x009038   0x55  Code  Gb  stm8s_adc1.o [1]
ADC1_SchmittTriggerConfig
                        0x008800   0xfc  Code  Gb  stm8s_adc1.o [1]
ADC1_StartConversion    0x009593    0x5  Code  Gb  stm8s_adc1.o [1]
CLK_AdjustHSICalibrationValue
                        0x009186   0x4f  Code  Gb  stm8s_clk.o [1]
CLK_DeInit              0x009257   0x36  Code  Gb  stm8s_clk.o [1]
CLK_GetClockFreq        0x008fe1   0x57  Code  Gb  stm8s_clk.o [1]
CLK_HSICmd              0x0093e8   0x2f  Code  Gb  stm8s_clk.o [1]
CLK_HSIPrescalerConfig  0x00921a   0x3d  Code  Gb  stm8s_clk.o [1]
CLK_PeripheralClockConfig
                        0x0088fc   0xde  Code  Gb  stm8s_clk.o [1]
CLK_SYSCLKConfig        0x008d6b   0x8b  Code  Gb  stm8s_clk.o [1]
CSTACK$$Base            0x000300          --   Gb  - Linker created -
CSTACK$$Limit           0x000400          --   Gb  - Linker created -
HEAP$$Base              0x00003e          --   Gb  - Linker created -
HEAP$$Limit             0x00013e          --   Gb  - Linker created -
HSIDivFactor            0x00959d    0x4  Data  Gb  stm8s_clk.o [1]
INTVEC$$Base            0x008000          --   Gb  - Linker created -
INTVEC$$Limit           0x008080          --   Gb  - Linker created -
Region$$Table$$Base     0x0094bd          --   Gb  - Linker created -
Region$$Table$$Limit    0x0094c5          --   Gb  - Linker created -
UART1_ClearITPendingBit
                        0x00928d   0x36  Code  Gb  stm8s_uart1.o [1]
UART1_Cmd               0x009579    0xd  Code  Gb  stm8s_uart1.o [1]
UART1_GetFlagStatus     0x008c3b   0x9e  Code  Gb  stm8s_uart1.o [1]
UART1_ITConfig          0x008aad   0xd0  Code  Gb  stm8s_uart1.o [1]
UART1_Init              0x008080  0x222  Code  Gb  stm8s_uart1.o [1]
UART1_ReceiveData8      0x0095a1    0x4  Code  Gb  stm8s_uart1.o [1]
UART1_SendData8         0x0095a5    0x4  Code  Gb  stm8s_uart1.o [1]
__DebugBreak            0x0095bd    0x1  Code  Gb  __dbg_break.o [3]
__exit                  0x009552   0x14  Code  Gb  __dbg_xxexit.o [3]
__iar_data_init2        0x00953e   0x14  Code  Gb  init.o [4]
__iar_program_start     0x009566         Code  Gb  cstartup.o [4]
__iar_unhandled_exception
                        0x0095b8         Code  Gb  unhandled_exception.o [4]
__iar_zero_init2        0x0094c5         Code  Gb  init_small.o [4]
__intvec                0x008000         Data  Gb  interrupt.o [4]
__low_level_init        0x0095b2    0x3  Code  Gb  low_level_init.o [4]
__near_Aldata           0x000038    0x4  Data  Gb  xxmemxmalloc.o [4]
__near_GetMemChunk      0x0094e3   0x19  Code  Gb  xgetmemchunk.o [4]
__near_GetMemChunk::start
                        0x00003c    0x2  Data  Lc  xgetmemchunk.o [4]
__near_findmem          0x008ecc   0x63  Code  Lc  xxmemxmalloc.o [4]
_device                 0x000010   0x10  Data  Gb  dev.o [1]
_exit                   0x009598         Code  Gb  cexit.o [4]
_frame                  0x00002e    0xa  Data  Gb  protocol.o [1]
_interrupt_20           0x008f88         Code  Gb  uart.o [1]
_serialBuffer           0x000020    0xe  Data  Gb  uart.o [1]
assert_failed           0x0095bb    0x2  Code  Gb  main.o [1]
devInit                 0x00946f   0x29  Code  Gb  dev.o [1]
exit                    0x0095b5    0x3  Code  Gb  exit.o [4]
free                    0x0089da   0xc9  Code  Gb  xxmemxfree.o [4]
main                    0x0090e2   0x52  Code  Gb  main.o [1]
malloc                  0x008cd9   0x92  Code  Gb  xxmemxmalloc.o [4]
memset                  0x009514   0x16  Code  Gb  memset.o [4]
modGetFrame             0x0085d0  0x11d  Code  Gb  protocol.o [1]
randomDeInit            0x0095ac    0x3  Code  Gb  random.o [1]
randomGenerate          0x0091d5   0x45  Code  Gb  random.o [1]
randomInit              0x009444   0x2b  Code  Gb  random.o [1]
uartAvailable           0x0092f5   0x32  Code  Gb  uart.o [1]
uartInit                0x008e65   0x67  Code  Gb  uart.o [1]
uartRead                0x009134   0x52  Code  Gb  uart.o [1]
uartRxIntHandler        0x008f88   0x59  Code  Gb  uart.o [1]
uartWrite               0x009417   0x2d  Code  Gb  uart.o [1]
uartWriteByte           0x0094fc   0x18  Code  Gb  uart.o [1]


[1] = D:\workspaceNew\Slave\Project\Debug\Obj
[2] = command line
[3] = dbgstm8smd.a
[4] = dlstm8smn.a

  5 270 bytes of readonly  code memory
    296 bytes of readonly  data memory
    574 bytes of readwrite data memory

Errors: none
Warnings: none
